2026-08-01T21:21:08.522+05:00  INFO 11528 --- [myJar] [restartedMain] com.example.myJar.MyJarApplication       : Starting MyJarApplication using Java 26.0.1 with PID 11528 (C:\Users\Khubaib  Amjad\Downloads\myJar\myJar\target\classes started by Khubaib  Amjad in C:\Users\Khubaib  Amjad\Downloads\myJar)
2026-08-01T21:21:08.526+05:00 DEBUG 11528 --- [myJar] [restartedMain] com.example.myJar.MyJarApplication       : Running with Spring Boot v4.0.6, Spring v7.0.7
2026-08-01T21:21:08.527+05:00  INFO 11528 --- [myJar] [restartedMain] com.example.myJar.MyJarApplication       : No active profile set, falling back to 1 default profile: "default"
2026-08-01T21:21:08.601+05:00  INFO 11528 --- [myJar] [restartedMain] .e.DevToolsPropertyDefaultsPostProcessor : Devtools property defaults active! Set 'spring.devtools.add-properties' to 'false' to disable
2026-08-01T21:21:08.619+05:00  INFO 11528 --- [myJar] [restartedMain] .e.DevToolsPropertyDefaultsPostProcessor : For additional web related logging consider setting the 'logging.level.web' property to 'DEBUG'
2026-08-01T21:21:09.787+05:00  INFO 11528 --- [myJar] [restartedMain] .s.d.r.c.RepositoryConfigurationDelegate : Bootstrapping Spring Data JPA repositories in DEFAULT mode.
2026-08-01T21:21:09.885+05:00  INFO 11528 --- [myJar] [restartedMain] .s.d.r.c.RepositoryConfigurationDelegate : Finished Spring Data repository scanning in 82 ms. Found 4 JPA repository interfaces.
2026-08-01T21:21:11.029+05:00  INFO 11528 --- [myJar] [restartedMain] o.s.boot.tomcat.TomcatWebServer          : Tomcat initialized with port 8080 (http)
2026-08-01T21:21:11.060+05:00  INFO 11528 --- [myJar] [restartedMain] o.apache.catalina.core.StandardService   : Starting service [Tomcat]
2026-08-01T21:21:11.062+05:00  INFO 11528 --- [myJar] [restartedMain] o.apache.catalina.core.StandardEngine    : Starting Servlet engine: [Apache Tomcat/11.0.21]
2026-08-01T21:21:11.146+05:00  INFO 11528 --- [myJar] [restartedMain] b.w.c.s.WebApplicationContextInitializer : Root WebApplicationContext: initialization completed in 2524 ms
2026-08-01T21:21:11.247+05:00 DEBUG 11528 --- [myJar] [restartedMain] com.example.myJar.JwtFilter              : Filter 'jwtFilter' configured for use
2026-08-01T21:21:11.540+05:00  INFO 11528 --- [myJar] [restartedMain] org.hibernate.orm.jpa                    : HHH008540: Processing PersistenceUnitInfo [name: default]
2026-08-01T21:21:11.638+05:00  INFO 11528 --- [myJar] [restartedMain] org.hibernate.orm.core                   : HHH000001: Hibernate ORM core version 7.2.12.Final
2026-08-01T21:21:12.528+05:00  INFO 11528 --- [myJar] [restartedMain] o.s.o.j.p.SpringPersistenceUnitInfo      : No LoadTimeWeaver setup: ignoring JPA class transformer
2026-08-01T21:21:12.634+05:00  INFO 11528 --- [myJar] [restartedMain] com.zaxxer.hikari.HikariDataSource       : HikariPool-1 - Starting...
2026-08-01T21:21:13.125+05:00  INFO 11528 --- [myJar] [restartedMain] com.zaxxer.hikari.pool.HikariPool        : HikariPool-1 - Added connection conn0: url=jdbc:h2:file:./data/testdb user=SA
2026-08-01T21:21:13.129+05:00  INFO 11528 --- [myJar] [restartedMain] com.zaxxer.hikari.HikariDataSource       : HikariPool-1 - Start completed.
2026-08-01T21:21:13.171+05:00  WARN 11528 --- [myJar] [restartedMain] org.hibernate.orm.deprecation            : HHH90000025: H2Dialect does not need to be specified explicitly using 'hibernate.dialect' (remove the property setting and it will be selected by default)
2026-08-01T21:21:13.215+05:00  INFO 11528 --- [myJar] [restartedMain] org.hibernate.orm.connections.pooling    : HHH10001005: Database info:
	Database JDBC URL [jdbc:h2:file:./data/testdb]
	Database driver: H2 JDBC Driver
	Database dialect: H2Dialect
	Database version: 2.4.240
	Default catalog/schema: TESTDB/PUBLIC
	Autocommit mode: undefined/unknown
	Isolation level: READ_COMMITTED [default READ_COMMITTED]
	JDBC fetch size: 100
	Pool: DataSourceConnectionProvider
	Minimum pool size: undefined/unknown
	Maximum pool size: undefined/unknown
2026-08-01T21:21:15.534+05:00  INFO 11528 --- [myJar] [restartedMain] org.hibernate.orm.core                   : HHH000489: No JTA platform available (set 'hibernate.transaction.jta.platform' to enable JTA platform integration)
2026-08-01T21:21:15.835+05:00  INFO 11528 --- [myJar] [restartedMain] j.LocalContainerEntityManagerFactoryBean : Initialized JPA EntityManagerFactory for persistence unit 'default'
2026-08-01T21:21:16.124+05:00  INFO 11528 --- [myJar] [restartedMain] o.s.d.j.r.query.QueryEnhancerFactories   : Hibernate is in classpath; If applicable, HQL parser will be used.
2026-08-01T21:21:17.464+05:00  WARN 11528 --- [myJar] [restartedMain] JpaBaseConfiguration$JpaWebConfiguration : spring.jpa.open-in-view is enabled by default. Therefore, database queries may be performed during view rendering. Explicitly configure spring.jpa.open-in-view to disable this warning
2026-08-01T21:21:17.629+05:00  INFO 11528 --- [myJar] [restartedMain] r$InitializeUserDetailsManagerConfigurer : Global AuthenticationManager configured with UserDetailsService bean with name userDetailsService
2026-08-01T21:21:18.508+05:00  INFO 11528 --- [myJar] [restartedMain] o.s.b.h.a.H2ConsoleAutoConfiguration     : H2 console available at '/h2-console'. Database available at 'jdbc:h2:file:./data/testdb'
2026-08-01T21:21:18.619+05:00  INFO 11528 --- [myJar] [restartedMain] o.s.boot.tomcat.TomcatWebServer          : Tomcat started on port 8080 (http) with context path '/'
2026-08-01T21:21:18.632+05:00  INFO 11528 --- [myJar] [restartedMain] com.example.myJar.MyJarApplication       : Started MyJarApplication in 10.765 seconds (process running for 11.55)
2026-08-01T21:21:19.913+05:00  INFO 11528 --- [myJar] [http-nio-8080-exec-1] o.a.c.c.C.[Tomcat].[localhost].[/]       : Initializing Spring DispatcherServlet 'dispatcherServlet'
2026-08-01T21:21:19.915+05:00  INFO 11528 --- [myJar] [http-nio-8080-exec-1] o.s.web.servlet.DispatcherServlet        : Initializing Servlet 'dispatcherServlet'
2026-08-01T21:21:19.917+05:00  INFO 11528 --- [myJar] [http-nio-8080-exec-1] o.s.web.servlet.DispatcherServlet        : Completed initialization in 2 ms
2026-08-01T21:23:04.556+05:00  INFO 11528 --- [myJar] [http-nio-8080-exec-9] com.example.myJar.AuthService            : Registering User with email:brandnew@gmail.com
2026-08-01T21:23:04.979+05:00  WARN 11528 --- [myJar] [http-nio-8080-exec-9] com.example.myJar.AuthService            : Registration failed - Email already exists:brandnew@gmail.com
2026-08-01T21:23:05.051+05:00  WARN 11528 --- [myJar] [http-nio-8080-exec-9] .m.m.a.ExceptionHandlerExceptionResolver : Resolved [java.lang.RuntimeException: Email already exists]
2026-08-01T21:23:48.037+05:00  INFO 11528 --- [myJar] [http-nio-8080-exec-10] com.example.myJar.AuthService            : Login attempt for the email:brandnew@gmail.com
2026-08-01T21:23:48.197+05:00  INFO 11528 --- [myJar] [http-nio-8080-exec-10] com.example.myJar.AuthService            : Login successful for: brandnew@gmail.com
2026-08-01T21:24:06.018+05:00  INFO 11528 --- [myJar] [http-nio-8080-exec-1] com.example.myJar.UserService            : Fetching all Users
2026-08-01T21:36:33.457+05:00  WARN 11528 --- [myJar] [HikariPool-1:housekeeper] com.zaxxer.hikari.pool.HikariPool        : HikariPool-1 - Thread starvation or clock leap detected (housekeeper delta=50s92ms371µs300ns).
2026-08-01T21:36:35.446+05:00  INFO 11528 --- [myJar] [SpringApplicationShutdownHook] o.s.boot.tomcat.GracefulShutdown         : Commencing graceful shutdown. Waiting for active requests to complete
2026-08-01T21:36:35.462+05:00  INFO 11528 --- [myJar] [tomcat-shutdown] o.s.boot.tomcat.GracefulShutdown         : Graceful shutdown complete
2026-08-01T21:36:35.474+05:00  INFO 11528 --- [myJar] [SpringApplicationShutdownHook] j.LocalContainerEntityManagerFactoryBean : Closing JPA EntityManagerFactory for persistence unit 'default'
2026-08-01T21:36:35.485+05:00  INFO 11528 --- [myJar] [SpringApplicationShutdownHook] com.zaxxer.hikari.HikariDataSource       : HikariPool-1 - Shutdown initiated...
2026-08-01T21:36:35.488+05:00  INFO 11528 --- [myJar] [SpringApplicationShutdownHook] com.zaxxer.hikari.HikariDataSource       : HikariPool-1 - Shutdown completed.
